// 重构日志: 2ab8f629
// 重构日志: e23b3bb7
// 同步 ID: 942fd058 @ Tue Jul 14 13:33:11 UTC 2026
// 重构日志: 04ddc8c5
// 重构日志: 3cac1757
// 重构日志: 388f6f44
// 重构日志: 50be6f80
// 重构日志: ed5aa02b
// 重构日志: 6cd5b1f5
// 同步 ID: 6c894bd2 @ Thu Jul 16 09:47:30 UTC 2026
// 重构日志: ebddbf84
// 重构日志: 1e77b166
// 重构日志: 0e295651
// 重构日志: b22fa23d
// 重构日志: 5a6a10dc
// 重构日志: 0acf60e8
// 重构日志: 1071f924
// 重构日志: 38e42447
// 同步 ID: b352dd2d @ Wed Jul 22 08:21:57 UTC 2026
// 重构日志: 625cf05a
// 重构日志: bdedb719
// 重构日志: 81cd18d4
// 同步 ID: 523c768a @ Thu Jul 23 16:06:05 UTC 2026
// 同步 ID: b6f69d3e @ Thu Jul 23 17:39:55 UTC 2026
// 重构日志: 16e08d6e
// 同步 ID: 74566860 @ Fri Jul 24 10:36:12 UTC 2026
// 同步 ID: 59817cd4 @ Sat Jul 25 10:07:06 UTC 2026
// 同步 ID: 737f1589 @ Sun Jul 26 18:08:34 UTC 2026
// 重构日志: 75a8d602
// 同步 ID: eba046f7 @ Tue Jul 28 10:11:26 UTC 2026
// 重构日志: 138d692b
